../Core/Inc/Modules/Crc16Module.h:24:17:crc16	24	static
../Core/Src/Modules/CommandModule.c:15:6:BootModeStart	8	static
../Core/Src/Modules/CommandModule.c:22:6:BootModeEnd	8	static
../Core/Src/Modules/CommandModule.c:30:9:AwaitResponce	24	static
../Core/Src/Modules/CommandModule.c:43:9:crcAN3155	24	static
../Core/Src/Modules/CommandModule.c:51:6:StartCommand	16	static
../Core/Src/Modules/CommandModule.c:64:9:ReadFlashData	24	static
../Core/Src/Modules/CommandModule.c:94:9:GoInProgramm	24	static
