../Core/Inc/Modules/CrcModule.h:17:10:crc16	24	static
../Core/Inc/Modules/CrcModule.h:29:9:crcAN3155	24	static
../Core/Inc/Modules/CommandModule.h:24:6:BootModeStart	8	static
../Core/Inc/Modules/CommandModule.h:31:9:AwaitResponce	24	static
../Core/Inc/Modules/CommandModule.h:40:6:StartCommand	16	static
../Core/Inc/Modules/CommandModule.h:55:9:ReadFlashData	24	static
../Core/Inc/Modules/CommandModule.h:85:9:GoInProgramm	24	static
../Core/Src/main.c:20:5:main	8	static
../Core/Src/main.c:78:6:SystemClock_Config	72	static
