../Core/Inc/Modules/CrcModule.h:17:17:crc16	24	static
../Core/Inc/Modules/CrcModule.h:29:9:crcAN3155	24	static
../Core/Inc/Modules/CommandModule.h:22:6:BootModeStart	8	static
../Core/Inc/Modules/CommandModule.h:29:6:StartCommand	16	static
../Core/Inc/Modules/CommandModule.h:47:6:TestRead	16	static
../Core/Inc/Modules/CommandModule.h:71:6:ReadFlashData	32	static
../Core/Src/main.c:13:5:main	8	static
../Core/Src/main.c:40:6:SystemClock_Config	88	static
../Core/Src/main.c:89:6:Error_Handler	4	static,ignoring_inline_asm
